# serializer version: 1
# name: test_tuples_1
  TypeScriptSchemaConversionResult(typescript_schema_str='interface TupleContainer {\n    "empty_tuple": tuple<>;\n    "tuple_1": tuple<number>;\n    "tuple_2": tuple<number, string>;\n    "tuple_3": tuple<number, string>;\n    "arbitrary_length_1": tuple<number, any>;\n    "arbitrary_length_2": tuple<number, any> | number[];\n    "arbitrary_length_3": tuple<number, any>;\n    "arbitrary_length_4": tuple<number, any>;\n    "arbitrary_length_5": tuple<number, any> | tuple<number>;\n    "arbitrary_length_6": tuple<number, any> | tuple<number> | tuple<number, number>;\n}\n\n// Comment for tuple.\ninterface tuple {\n}\n', typescript_type_reference='TupleContainer', errors=["'Ellipsis' cannot be used as a type annotation.", "'Ellipsis' cannot be used as a type annotation.", "'Ellipsis' cannot be used as a type annotation.", "'Ellipsis' cannot be used as a type annotation.", "'Ellipsis' cannot be used as a type annotation.", "'Ellipsis' cannot be used as a type annotation.", "'Ellipsis' cannot be used as a type annotation.", 'Currently only TypedDict, dataclass, and type alias declarations are supported in TypeChat.'])
# ---
