# serializer version: 1
# name: test_coffeeshop_schema
  TypeScriptSchemaConversionResult(typescript_schema_str='interface Cart {\n    type: "Cart";\n    items: Array<LineItem | UnknownText>;\n}\n\n// Represents any text that could not be understood.\ninterface UnknownText {\n    type: "UnknownText";\n    // The text that wasn\'t understood\n    text: string;\n}\n\ninterface LineItem {\n    type: "LineItem";\n    product: BakeryProduct | LatteDrink | CoffeeDrink | EspressoDrink | UnknownText;\n    quantity: number;\n}\n\ninterface EspressoDrink {\n    type: "EspressoDrink";\n    name: "espresso" | "lungo" | "ristretto" | "macchiato";\n    temperature?: "hot" | "extra hot" | "warm" | "iced";\n    // The default is \'doppio\'\n    size?: "solo" | "doppio" | "triple" | "quad";\n    options?: Array<Creamer | Sweetener | Syrup | Topping | Caffeine | LattePreparation>;\n}\n\ninterface LattePreparation {\n    type: "LattePreparation";\n    name: "for here cup" | "lid" | "with room" | "to go" | "dry" | "wet";\n}\n\ninterface Caffeine {\n    type: "Caffeine";\n    name: "regular" | "two thirds caf" | "half caf" | "one third caf" | "decaf";\n}\n\ninterface Topping {\n    type: "Topping";\n    name: "cinnamon" | "foam" | "ice" | "nutmeg" | "whipped cream" | "water";\n    optionQuantity?: "no" | "light" | "regular" | "extra";\n}\n\ninterface Syrup {\n    type: "Syrup";\n    name: "almond syrup" | "buttered rum syrup" | "caramel syrup" | "cinnamon syrup" | "hazelnut syrup" | "orange syrup" | "peppermint syrup" | "raspberry syrup" | "toffee syrup" | "vanilla syrup";\n    optionQuantity?: "no" | "light" | "regular" | "extra";\n}\n\ninterface Sweetener {\n    type: "Sweetener";\n    name: "equal" | "honey" | "splenda" | "sugar" | "sugar in the raw" | "sweet n low" | "espresso shot";\n    optionQuantity?: "no" | "light" | "regular" | "extra";\n}\n\ninterface Creamer {\n    type: "Creamer";\n    name: "whole milk creamer" | "two percent milk creamer" | "one percent milk creamer" | "nonfat milk creamer" | "coconut milk creamer" | "soy milk creamer" | "almond milk creamer" | "oat milk creamer" | "half and half" | "heavy cream";\n}\n\ninterface CoffeeDrink {\n    type: "CoffeeDrink";\n    name: "americano" | "coffee";\n    temperature?: "hot" | "extra hot" | "warm" | "iced";\n    // The default is \'grande\'\n    size?: "short" | "tall" | "grande" | "venti";\n    options?: Array<Creamer | Sweetener | Syrup | Topping | Caffeine | LattePreparation>;\n}\n\ninterface LatteDrink {\n    type: "LatteDrink";\n    name: "cappuccino" | "flat white" | "latte" | "latte macchiato" | "mocha" | "chai latte";\n    temperature?: "hot" | "extra hot" | "warm" | "iced";\n    // The default is \'grande\'\n    size?: "short" | "tall" | "grande" | "venti";\n    options?: Array<Creamer | Sweetener | Syrup | Topping | Caffeine | LattePreparation>;\n}\n\ninterface BakeryProduct {\n    type: "BakeryProduct";\n    name: "apple bran muffin" | "blueberry muffin" | "lemon poppyseed muffin" | "bagel";\n    options?: Array<BakeryOption | BakeryPreparation>;\n}\n\ninterface BakeryPreparation {\n    type: "BakeryPreparation";\n    name: "warmed" | "cut in half";\n}\n\ninterface BakeryOption {\n    type: "BakeryOption";\n    name: "butter" | "strawberry jam" | "cream cheese";\n    optionQuantity?: "no" | "light" | "regular" | "extra";\n}\n', typescript_type_reference='Cart', errors=[])
# ---
